// Jest Snapshot v1, https://goo.gl/fbAQLP

exports[`The AwsLambdaLogFormatStack stack matches the snapshot 1`] = `
{
  "Parameters": {
    "BootstrapVersion": {
      "Default": "/cdk-bootstrap/hnb659fds/version",
      "Description": "Version of the CDK Bootstrap resources in this environment, automatically retrieved from SSM Parameter Store. [cdk:skip]",
      "Type": "AWS::SSM::Parameter::Value<String>",
    },
  },
  "Resources": {
    "JsonFormatFunction71AA185D": {
      "DependsOn": [
        "JsonFormatFunctionServiceRoleAD45E999",
      ],
      "Properties": {
        "Code": {
          "S3Bucket": {
            "Fn::Sub": "cdk-hnb659fds-assets-\${AWS::AccountId}-eu-west-1",
          },
          "S3Key": "428aa57d905cd16a0a91b7403879470a25e76947ffbeedb9182d9af8b596d1bd.zip",
        },
        "Environment": {
          "Variables": {
            "APP": "json-format-function",
            "STACK": "playground",
            "STAGE": "TEST",
          },
        },
        "Handler": "index.main",
        "LoggingConfig": {
          "LogFormat": "JSON",
        },
        "Role": {
          "Fn::GetAtt": [
            "JsonFormatFunctionServiceRoleAD45E999",
            "Arn",
          ],
        },
        "Runtime": "nodejs20.x",
        "Tags": [
          {
            "Key": "App",
            "Value": "json-format-function",
          },
          {
            "Key": "gu:repo",
            "Value": "guardian/aws-lambda-log-format",
          },
          {
            "Key": "Stack",
            "Value": "playground",
          },
          {
            "Key": "Stage",
            "Value": "TEST",
          },
        ],
      },
      "Type": "AWS::Lambda::Function",
    },
    "JsonFormatFunctionServiceRoleAD45E999": {
      "Properties": {
        "AssumeRolePolicyDocument": {
          "Statement": [
            {
              "Action": "sts:AssumeRole",
              "Effect": "Allow",
              "Principal": {
                "Service": "lambda.amazonaws.com",
              },
            },
          ],
          "Version": "2012-10-17",
        },
        "ManagedPolicyArns": [
          {
            "Fn::Join": [
              "",
              [
                "arn:",
                {
                  "Ref": "AWS::Partition",
                },
                ":iam::aws:policy/service-role/AWSLambdaBasicExecutionRole",
              ],
            ],
          },
        ],
        "Tags": [
          {
            "Key": "App",
            "Value": "json-format-function",
          },
          {
            "Key": "gu:repo",
            "Value": "guardian/aws-lambda-log-format",
          },
          {
            "Key": "Stack",
            "Value": "playground",
          },
          {
            "Key": "Stage",
            "Value": "TEST",
          },
        ],
      },
      "Type": "AWS::IAM::Role",
    },
    "TextFormatFunctionD37B24FE": {
      "DependsOn": [
        "TextFormatFunctionServiceRole6E5B2423",
      ],
      "Properties": {
        "Code": {
          "S3Bucket": {
            "Fn::Sub": "cdk-hnb659fds-assets-\${AWS::AccountId}-eu-west-1",
          },
          "S3Key": "428aa57d905cd16a0a91b7403879470a25e76947ffbeedb9182d9af8b596d1bd.zip",
        },
        "Environment": {
          "Variables": {
            "APP": "text-format-function",
            "STACK": "playground",
            "STAGE": "TEST",
          },
        },
        "Handler": "index.main",
        "LoggingConfig": {
          "LogFormat": "Text",
        },
        "Role": {
          "Fn::GetAtt": [
            "TextFormatFunctionServiceRole6E5B2423",
            "Arn",
          ],
        },
        "Runtime": "nodejs20.x",
        "Tags": [
          {
            "Key": "App",
            "Value": "text-format-function",
          },
          {
            "Key": "gu:repo",
            "Value": "guardian/aws-lambda-log-format",
          },
          {
            "Key": "Stack",
            "Value": "playground",
          },
          {
            "Key": "Stage",
            "Value": "TEST",
          },
        ],
      },
      "Type": "AWS::Lambda::Function",
    },
    "TextFormatFunctionServiceRole6E5B2423": {
      "Properties": {
        "AssumeRolePolicyDocument": {
          "Statement": [
            {
              "Action": "sts:AssumeRole",
              "Effect": "Allow",
              "Principal": {
                "Service": "lambda.amazonaws.com",
              },
            },
          ],
          "Version": "2012-10-17",
        },
        "ManagedPolicyArns": [
          {
            "Fn::Join": [
              "",
              [
                "arn:",
                {
                  "Ref": "AWS::Partition",
                },
                ":iam::aws:policy/service-role/AWSLambdaBasicExecutionRole",
              ],
            ],
          },
        ],
        "Tags": [
          {
            "Key": "App",
            "Value": "text-format-function",
          },
          {
            "Key": "gu:repo",
            "Value": "guardian/aws-lambda-log-format",
          },
          {
            "Key": "Stack",
            "Value": "playground",
          },
          {
            "Key": "Stage",
            "Value": "TEST",
          },
        ],
      },
      "Type": "AWS::IAM::Role",
    },
  },
  "Rules": {
    "CheckBootstrapVersion": {
      "Assertions": [
        {
          "Assert": {
            "Fn::Not": [
              {
                "Fn::Contains": [
                  [
                    "1",
                    "2",
                    "3",
                    "4",
                    "5",
                  ],
                  {
                    "Ref": "BootstrapVersion",
                  },
                ],
              },
            ],
          },
          "AssertDescription": "CDK bootstrap stack version 6 required. Please run 'cdk bootstrap' with a recent version of the CDK CLI.",
        },
      ],
    },
  },
}
`;
